                                                                                                                                                                    2025-07-13 09:43:13.256  3671-3671  DEBUG                   pid-3671                             A        #48 pc 000000000012ef94  /data/app/~~b2ekGSqC7ieH5G5x33_MXQ==/com.cw.gamehelper-WcLLNB7h3KW1JnE57CamBA==/base.apk (kotlinx.coroutines.scheduling.CoroutineScheduler$Worker.runWorker+56)
                                                                                                                                                                    2025-07-13 09:43:13.256  3671-3671  DEBUG                   pid-3671                             A        #49 pc 000000000020a254  /apex/com.android.art/lib64/libart.so (nterp_helper+3924) (BuildId: 6e99edb4de5262cc36faf36e94f1a07d)
                                                                                                                                                                    2025-07-13 09:43:13.256  3671-3671  DEBUG                   pid-3671                             A        #50 pc 000000000012ef44  /data/app/~~b2ekGSqC7ieH5G5x33_MXQ==/com.cw.gamehelper-WcLLNB7h3KW1JnE57CamBA==/base.apk (kotlinx.coroutines.scheduling.CoroutineScheduler$Worker.run+0)
                                                                                                                                                                    2025-07-13 09:43:13.256  3671-3671  DEBUG                   pid-3671                             A        #51 pc 000000000021096c  /apex/com.android.art/lib64/libart.so (art_quick_invoke_stub+556) (BuildId: 6e99edb4de5262cc36faf36e94f1a07d)
                                                                                                                                                                    2025-07-13 09:43:13.256  3671-3671  DEBUG                   pid-3671                             A        #52 pc 000000000027975c  /apex/com.android.art/lib64/libart.so (art::ArtMethod::Invoke(art::Thread*, unsigned int*, unsigned int, art::JValue*, char const*)+184) (BuildId: 6e99edb4de5262cc36faf36e94f1a07d)
                                                                                                                                                                    2025-07-13 09:43:13.256  3671-3671  DEBUG                   pid-3671                             A        #53 pc 0000000000603d00  /apex/com.android.art/lib64/libart.so (art::JValue art::InvokeVirtualOrInterfaceWithJValues<art::ArtMethod*>(art::ScopedObjectAccessAlreadyRunnable const&, _jobject*, art::ArtMethod*, jvalue const*)+460) (BuildId: 6e99edb4de5262cc36faf36e94f1a07d)
                                                                                                                                                                    2025-07-13 09:43:13.256  3671-3671  DEBUG                   pid-3671                             A        #54 pc 000000000064af88  /apex/com.android.art/lib64/libart.so (art::Thread::CreateCallback(void*)+1288) (BuildId: 6e99edb4de5262cc36faf36e94f1a07d)
                                                                                                                                                                    2025-07-13 09:43:13.256  3671-3671  DEBUG                   pid-3671                             A        #55 pc 00000000000b77c0  /apex/com.android.runtime/lib64/bionic/libc.so (__pthread_start(void*)+208) (BuildId: a3bf1aa7c2bbca7e803947cea12e1e92)
                                                                                                                                                                    2025-07-13 09:43:13.256  3671-3671  DEBUG                   pid-3671                             A        #56 pc 000000000005306c  /apex/com.android.runtime/lib64/bionic/libc.so (__start_thread+64) (BuildId: a3bf1aa7c2bbca7e803947cea12e1e92)
                                                                                                                                                                    2025-07-13 09:43:13.263   305-305   tombstoned              tombstoned                           E  Tombstone written to: tombstone_09
                                                                                                                                                                    2025-07-13 09:43:13.264   505-584   NativeTombstoneManager  system_process                       E  Tombstone has invalid selinux label (u:r:kernel:s0??), ignoring
                                                                                                                                                                    2025-07-13 09:43:12.803  3188-3188  <no-tag>                pid-3188                             W  113 error while resolving realpath 36
                                                                                                                                                                        2025-07-13 09:43:13.301     1-1     init                    init                                 I  Untracked pid 3671 exited with status 0
                                                                                                                                                                        2025-07-13 09:43:13.302     1-1     init                    init                                 I  Untracked pid 3671 did not have an associated service entry and will not be reaped
                                                                                                                                                                        2025-07-13 09:43:13.303     1-1     init                    init                                 I  Untracked pid 3673 exited with status 0
                                                                                                                                                                        2025-07-13 09:43:13.303     1-1     init                    init                                 I  Untracked pid 3673 did not have an associated service entry and will not be reaped
                                                                                                                                                                        2025-07-13 09:43:13.277   505-3680  DropBoxManagerService   system_process                       I  add tag=data_app_native_crash isTagEnabled=true flags=0x2
                                                                                                                                                                        2025-07-13 09:43:13.280   505-3679  ActivityTaskManager     system_process                       W    Force finishing activity com.cw.gamehelper/.MainActivity
                                                                                                                                                                        2025-07-13 09:43:13.290   337-337   Zygote                  pid-337                              I  Process 3482 exited due to signal 6 (Aborted)
                                                                                                                                                                        2025-07-13 09:43:13.294   505-3679  ActivityTaskManager     system_process                       D  TopActivityInfo, pkgName: com.qqgame.mic activityName: com.qqgame.mic/.YXSMainActivity modifier is hard/pass in softkeyboard file and ime is LatinIME so not enabling soft keyboard
                                                                                                                                                                        2025-07-13 09:43:13.294   505-3679  ActivityTaskManager     system_process                       D  TopActivityInfo, pkgName: com.qqgame.mic activityName: com.qqgame.mic/.YXSMainActivity callingPackage:  bstSpecialAppKeyboardHandling Enabled = false
                                                                                                                                                                        2025-07-13 09:43:13.296   505-584   BootReceiver            system_process                       I  Copying /data/tombstones/tombstone_09 to DropBox (SYSTEM_TOMBSTONE)
                                                                                                                                                                        2025-07-13 09:43:13.296   505-584   DropBoxManagerService   system_process                       I  add tag=SYSTEM_TOMBSTONE isTagEnabled=true flags=0x6
                                                                                                                                                                        2025-07-13 09:43:13.301   505-531   UsageStatsService       system_process                       W  Unexpected activity event reported! (com.cw.gamehelper/com.cw.gamehelper.MainActivity event : 23 instanceId : 210115282)
                                                                                                                                                                        2025-07-13 09:43:13.302   505-3679  ActivityTaskManager     system_process                       D  TopActivityInfo, pkgName: com.qqgame.mic activityName: com.qqgame.mic/.YXSMainActivity modifier is hard/pass in softkeyboard file and ime is LatinIME so not enabling soft keyboard
                                                                                                                                                                        2025-07-13 09:43:13.302   505-3679  ActivityTaskManager     system_process                       D  TopActivityInfo, pkgName: com.qqgame.mic activityName: com.qqgame.mic/.YXSMainActivity callingPackage:  bstSpecialAppKeyboardHandling Enabled = false
                                                                                                                                                                        2025-07-13 09:43:13.304   505-584   NativeTombstoneManager  system_process                       E  Tombstone has invalid selinux label (u:r:kernel:s0??), ignoring
                                                                                                                                                                        2025-07-13 09:43:13.305   505-584   DropBoxManagerService   system_process                       I  add tag=SYSTEM_TOMBSTONE_PROTO isTagEnabled=true flags=0x4
                                                                                                                                                                        2025-07-13 09:43:13.307   505-9517  ActivityManager         system_process                       I  Process com.cw.gamehelper (pid 3482) has died: fg +50 FGS
                                                                                                                                                                        2025-07-13 09:43:13.308   505-15944 WindowManager           system_process                       I  WIN DEATH: Window{cfdce18 u0 com.cw.gamehelper}
                                                                                                                                                                        2025-07-13 09:43:13.308   505-534   libprocessgroup         system_process                       I  Successfully killed process cgroup uid 10095 pid 3482 in 0ms
                                                                                                                                                                        2025-07-13 09:43:13.308   505-15944 InputManager-JNI        system_process                       W  Input channel object 'cfdce18 com.cw.gamehelper (client)' was disposed without first being removed with the input manager!
                                                                                                                                                                        2025-07-13 09:43:13.310   505-16812 WindowManager           system_process                       I  WIN DEATH: Window{1320580 u0 com.cw.gamehelper/com.cw.gamehelper.MainActivity}
                                                                                                                                                                        2025-07-13 09:43:13.310   505-16812 InputManager-JNI        system_process                       W  Input channel object '1320580 com.cw.gamehelper/com.cw.gamehelper.MainActivity (client)' was disposed without first being removed with the input manager!
                                                                                                                                                                        2025-07-13 09:43:13.312   505-9517  ActivityManager         system_process                       W  Scheduling restart of crashed service com.cw.gamehelper/.service.GameTaskService in 1000ms for start-requested
                                                                                                                                                                        2025-07-13 09:43:13.312   505-9517  ActivityManager         system_process                       W  Scheduling restart of crashed service com.cw.gamehelper/.service.AccessibilityService in 11000ms for connection
                                                                                                                                                                        2025-07-13 09:43:13.316   505-9517  ActivityManager         system_process                       D  sync unfroze 2280 com.google.android.partnersetup
                                                                                                                                                                        2025-07-13 09:43:13.317   505-9517  ActivityManager         system_process                       D  sync unfroze 14836 com.google.process.gservices
                                                                                                                                                                        2025-07-13 09:43:13.329   505-9517  ActivityManager         system_process                       D  sync unfroze 1738 com.android.webview:sandboxed_process0:org.chromium.content.app.SandboxedProcessService0:0
                                                                                                                                                                        2025-07-13 09:43:13.330   388-388   BpTransact...edListener surfaceflinger                       E  Failed to transact (-32)
                                                                                                                                                                        2025-07-13 09:43:13.337 12512-12512 Finsky:background       com.android.vending                  I  [2] xqe.onTrimMemory(11): Memory trim requested to level 80
                                                                                                                                                                        2025-07-13 09:43:13.344   505-505   WindowMagnificationMgr  system_process                       W  requestConnection duplicated request: connect=false, mConnectionState=DISCONNECTED
                                                                                                                                                                        2025-07-13 09:43:13.344   505-14958 WindowManager           system_process                       W  Cannot find window which accessibility connection is added to
                                                                                                                                                                        2025-07-13 09:43:13.345   505-15767 WindowManager           system_process                       W  Cannot find window which accessibility connection is added to
                                                                                                                                                                        2025-07-13 09:43:13.347   505-9517  ProcessStats            system_process                       W  Tracking association SourceState{cc3972c system/1000 BTopFgs #11378} whose proc state 2 is better than process ProcessState{2c33086 com.hamibot.hamibot/10061 pkg=com.hamibot.hamibot} proc state 3 (42 skipped)
                                                                                                                                                                        2025-07-13 09:43:13.348 12358-12358 Finsky                  com.android.vending                  I  [2] xqe.onTrimMemory(11): Memory trim requested to level 80
                                                                                                                                                                        2025-07-13 09:43:13.352   505-505   Compatibil...geReporter system_process                       D  Compat change id reported: 175319604; UID 1000; state: ENABLED
                                                                                                                                                                        2025-07-13 09:43:13.352   505-505   Compatibil...geReporter system_process                       D  Compat change id reported: 195579280; UID 1000; state: ENABLED
                                                                                                                                                                        2025-07-13 09:43:13.363   505-532   BroadcastQueue          system_process                       W  Background execution not allowed: receiving Intent { act=android.intent.action.DROPBOX_ENTRY_ADDED flg=0x10 (has extras) } to com.google.android.gms/.stats.service.DropBoxEntryAddedReceiver
                                                                                                                                                                        2025-07-13 09:43:13.363   505-532   BroadcastQueue          system_process                       W  Background execution not allowed: receiving Intent { act=android.intent.action.DROPBOX_ENTRY_ADDED flg=0x10 (has extras) } to com.google.android.gms/.stats.service.DropBoxEntryAddedReceiver
                                                                                                                                                                        2025-07-13 09:43:13.363   505-532   BroadcastQueue          system_process                       W  Background execution not allowed: receiving Intent { act=android.intent.action.DROPBOX_ENTRY_ADDED flg=0x10 (has extras) } to com.google.android.gms/.stats.service.DropBoxEntryAddedReceiver
                                                                                                                                                                        2025-07-13 09:43:13.372   505-525   NotificationHistory     system_process                       W  Attempted to remove channel for locked/gone/disabled user 0
                                                                                                                                                                        2025-07-13 09:43:13.376   505-525   ActivityManager         system_process                       W  setHasOverlayUi called on unknown pid: 3482
                                                                                                                                                                        2025-07-13 09:43:13.376   505-525   ActivityManager         system_process                       W  setHasOverlayUi called on unknown pid: 3482
                                                                                                                                                                        2025-07-13 09:43:13.381   505-531   ActivityManager         system_process                       W  Rescheduling restart of crashed service com.cw.gamehelper/.service.GameTaskService in 9930ms for mem-pressure-event
                                                                                                                                                                        2025-07-13 09:43:13.382   505-531   ActivityManager         system_process                       W  Rescheduling restart of crashed service com.cw.gamehelper/.service.AccessibilityService in 29930ms for mem-pressure-event
                                                                                                                                                                        2025-07-13 09:43:13.387  1375-1375  LauncherApplication     com.uncube.launcher3                 W  onTrimMemory() called with: trimLevel = [TRIM_MEMORY_BACKGROUND]
                                                                                                                                                                        2025-07-13 09:43:13.409 12358-12358 Finsky                  com.android.vending                  I  [2] abym.accept(139): Flushing in-memory image cache
                                                                                                                                                                        ---------------------------- PROCESS ENDED (3482) for package com.cw.gamehelper ----------------------------
                                                                                                                                                                        2025-07-13 09:43:13.987   353-380   gralloc_default         and...raphics.allocator@2.0-service  D  gralloc_alloc: Creating ashmem region of size 3112960
                                                                                                                                                                        2025-07-13 09:43:13.987  3060-3675  CCodecConfig            com.qqgame.mic                       D  c2 config diff is   c2::u32 raw.crop.height = 1080
                                                                                                                                                                        c2::u32 raw.crop.left = 0
                                                                                                                                                                        c2::u32 raw.crop.top = 0
                                                                                                                                                                        c2::u32 raw.crop.width = 1920
                                                                                                                                                                        2025-07-13 09:43:13.987  3060-3675  ColorUtils              com.qqgame.mic                       W  expected specified color aspects (2:0:0:0)
                                                                                                                                                                        2025-07-13 09:43:14.061   353-380   gralloc_default         and...raphics.allocator@2.0-service  D  gralloc_alloc: Creating ashmem region of size 3112960
                                                                                                                                                                        2025-07-13 09:43:14.069  3060-3675  CCodecBuffers           com.qqgame.mic                       D  [c2.android.avc.decoder#258:2D-BB-Output] updating image-data
                                                                                                                                                                        2025-07-13 09:43:14.069  3060-3675  CCodecBuffers           com.qqgame.mic                       D  [c2.android.avc.decoder#258:2D-BB-Output] updating stride = 1920, width: 1920, height: 1080
                                                                                                                                                                        2025-07-13 09:43:14.069  3060-3675  CCodecBuffers           com.qqgame.mic                       D  [c2.android.avc.decoder#258:2D-BB-Output] updating vstride = 1080
                                                                                                                                                                        2025-07-13 09:43:14.093  1924-2114  MSF.C.MSFCore[@PS]      com.tencent.mobileqq                 V  [Event] MSFPacketStatistics.cpp(300)::DoCheckRequestTimeout->current rtts:14.936
                                                                                                                                                                        2025-07-13 09:43:14.099   353-380   gralloc_default         and...raphics.allocator@2.0-service  D  gralloc_alloc: Creating ashmem region of size 3112960
                                                                                                                                                                        2025-07-13 09:43:14.138   353-380   gralloc_default         and...raphics.allocator@2.0-service  D  gralloc_alloc: Creating ashmem region of size 3112960
                                                                                                                                                                        2025-07-13 09:43:14.178   353-380   gralloc_default         and...raphics.allocator@2.0-service  D  gralloc_alloc: Creating ashmem region of size 3112960
                                                                                                                                                                        2025-07-13 09:43:14.237  3060-3674  CCodecBuffers           com.qqgame.mic                       D  Increasing local buffer pool capacity from 66355200 to 132710400
                                                                                                                                                                        2025-07-13 09:43:14.264  3060-3675  CCodecBuffers           com.qqgame.mic                       D  [c2.android.avc.decoder#258:Output[N]] updating image-data
                                                                                                                                                                        2025-07-13 09:43:14.264  3060-3675  CCodecBuffers           com.qqgame.mic                       D  [c2.android.avc.decoder#258:Output[N]] updating stride = 1920, width: 1920, height: 1080
                                                                                                                                                                        2025-07-13 09:43:14.264  3060-3675  CCodecBuffers           com.qqgame.mic                       D  [c2.android.avc.decoder#258:Output[N]] updating vstride = 1080
                                                                                                                                                                        2025-07-13 09:43:14.265   353-380   gralloc_default         and...raphics.allocator@2.0-service  D  gralloc_alloc: Creating ashmem region of size 3112960
                                                                                                                                                                        2025-07-13 09:43:14.352  3060-3677  CCodecBufferChannel     com.qqgame.mic                       D  [c2.android.aac.decoder#845] MediaCodec discarded an unknown buffer
                                                                                                                                                                        2025-07-13 09:43:14.352  3060-3677  CCodecBufferChannel     com.qqgame.mic                       D  [c2.android.aac.decoder#845] MediaCodec discarded an unknown buffer
                                                                                                                                                                        2025-07-13 09:43:14.352  3060-3677  CCodecBufferChannel     com.qqgame.mic                       D  [c2.android.aac.decoder#845] MediaCodec discarded an unknown buffer
                                                                                                                                                                        2025-07-13 09:43:14.352  3060-3677  CCodecBufferChannel     com.qqgame.mic                       D  [c2.android.aac.decoder#845] MediaCodec discarded an unknown buffer
                                                                                                                                                                        2025-07-13 09:43:14.352  3060-3677  CCodecBufferChannel     com.qqgame.mic                       D  [c2.android.aac.decoder#845] MediaCodec discarded an unknown buffer
                                                                                                                                                                        2025-07-13 09:43:14.352  3060-3677  CCodecBufferChannel     com.qqgame.mic                       D  [c2.android.aac.decoder#845] MediaCodec discarded an unknown buffer
                                                                                                                                                                        2025-07-13 09:43:14.354  3060-3677  hw-BpHwBinder           com.qqgame.mic                       I  onLastStrongRef automatically unlinking death recipients
                                                                                                                                                                        2025-07-13 09:43:14.354   464-843   hw-BpHwBinder           media.swcodec                        I  onLastStrongRef automatically unlinking death recipients
                                                                                                                                                                        2025-07-13 09:43:14.354   464-843   C2Store                 media.swcodec                        V  in ~ComponentModule
                                                                                                                                                                        2025-07-13 09:43:14.354   464-843   C2Store                 media.swcodec                        V  unloading dll
                                                                                                                                                                        2025-07-13 09:43:14.355  3060-3367  MediaCodec              com.qqgame.mic                       D  flushMediametrics
                                                                                                                                                                        2025-07-13 09:43:14.376  3060-3674  CCodecBufferChannel     com.qqgame.mic                       D  [c2.android.avc.decoder#258] MediaCodec discarded an unknown buffer
                                                                                                                                                                        2025-07-13 09:43:14.376  3060-3674  CCodecBufferChannel     com.qqgame.mic                       D  [c2.android.avc.decoder#258] MediaCodec discarded an unknown buffer
                                                                                                                                                                        2025-07-13 09:43:14.376  3060-3674  CCodecBufferChannel     com.qqgame.mic                       D  [c2.android.avc.decoder#258] MediaCodec discarded an unknown buffer
                                                                                                                                                                        2025-07-13 09:43:14.376  3060-3674  CCodecBufferChannel     com.qqgame.mic                       D  [c2.android.avc.decoder#258] MediaCodec discarded an unknown buffer
                                                                                                                                                                        2025-07-13 09:43:14.378  3060-3674  CCodecBufferChannel     com.qqgame.mic                       D  [c2.android.avc.decoder#258] MediaCodec discarded an unknown buffer
                                                                                                                                                                        2025-07-13 09:43:14.379  3060-3674  CCodecBufferChannel     com.qqgame.mic                       D  [c2.android.avc.decoder#258] MediaCodec discarded an unknown buffer
                                                                                                                                                                        2025-07-13 09:43:14.379  3060-3674  CCodecBufferChannel     com.qqgame.mic                       D  [c2.android.avc.decoder#258] MediaCodec discarded an unknown buffer
                                                                                                                                                                        2025-07-13 09:43:14.380  3060-3674  CCodecBufferChannel     com.qqgame.mic                       D  [c2.android.avc.decoder#258] MediaCodec discarded an unknown buffer
                                                                                                                                                                        2025-07-13 09:43:14.380  3060-3674  CCodecBufferChannel     com.qqgame.mic                       D  [c2.android.avc.decoder#258] MediaCodec discarded an unknown buffer
                                                                                                                                                                        2025-07-13 09:43:14.382  3060-3675  hw-BpHwBinder           com.qqgame.mic                       I  onLastStrongRef automatically unlinking death recipients
                                                                                                                                                                        2025-07-13 09:43:14.382   464-813   hw-BpHwBinder           media.swcodec                        I  onLastStrongRef automatically unlinking death recipients
                                                                                                                                                                        2025-07-13 09:43:14.382   464-813   hw-BpHwBinder           media.swcodec                        I  onLastStrongRef automatically unlinking death recipients
                                                                                                                                                                        2025-07-13 09:43:14.382   464-813   C2Store                 media.swcodec                        V  in ~ComponentModule
                                                                                                                                                                        2025-07-13 09:43:14.382   464-813   C2Store                 media.swcodec                        V  unloading dll
                                                                                                                                                                        2025-07-13 09:43:14.383  3060-3367  MediaCodec              com.qqgame.mic                       D  flushMediametrics
                                                                                                                                                                        2025-07-13 09:43:14.388  3060-3367  MediaCodecList          com.qqgame.mic                       D  codecHandlesFormat: no format, so no extra checks
                                                                                                                                                                        2025-07-13 09:43:14.388  3060-3738  CCodec                  com.qqgame.mic                       D  allocate(c2.android.avc.decoder)
                                                                                                                                                                        2025-07-13 09:43:14.388   464-843   C2Store                 media.swcodec                        V  in init
                                                                                                                                                                        2025-07-13 09:43:14.388   464-843   C2Store                 media.swcodec                        V  loading dll
                                                                                                                                                                        2025-07-13 09:43:14.389  3060-3738  CCodec                  com.qqgame.mic                       I  Created component [c2.android.avc.decoder]
                                                                                                                                                                        2025-07-13 09:43:14.389  3060-3738  CCodecConfig            com.qqgame.mic                       D  read media type: video/avc
                                                                                                                                                                        2025-07-13 09:43:14.390  3060-3738  ReflectedParamUpdater   com.qqgame.mic                       D  extent() != 1 for single value type: algo.buffers.max-count.values
                                                                                                                                                                        2025-07-13 09:43:14.390  3060-3738  ReflectedParamUpdater   com.qqgame.mic                       D  extent() != 1 for single value type: output.subscribed-indices.values
                                                                                                                                                                        2025-07-13 09:43:14.390  3060-3738  ReflectedParamUpdater   com.qqgame.mic                       D  extent() != 1 for single value type: input.buffers.allocator-ids.values
                                                                                                                                                                        2025-07-13 09:43:14.390  3060-3738  ReflectedParamUpdater   com.qqgame.mic                       D  extent() != 1 for single value type: output.buffers.allocator-ids.values
                                                                                                                                                                        2025-07-13 09:43:14.390  3060-3738  ReflectedParamUpdater   com.qqgame.mic                       D  extent() != 1 for single value type: algo.buffers.allocator-ids.values
                                                                                                                                                                        2025-07-13 09:43:14.390  3060-3738  ReflectedParamUpdater   com.qqgame.mic                       D  extent() != 1 for single value type: output.buffers.pool-ids.values
                                                                                                                                                                        2025-07-13 09:43:14.391  3060-3738  ReflectedParamUpdater   com.qqgame.mic                       D  extent() != 1 for single value type: algo.buffers.pool-ids.values
                                                                                                                                                                        2025-07-13 09:43:14.391  3060-3738  ReflectedParamUpdater   com.qqgame.mic                       D  ignored struct field coded.color-format.locations
                                                                                                                                                                        2025-07-13 09:43:14.391  3060-3738  CCodecConfig            com.qqgame.mic                       D  ignoring local param raw.size (0xd2001800) as it is already supported
                                                                                                                                                                        2025-07-13 09:43:14.391  3060-3738  CCodecConfig            com.qqgame.mic                       D  ignoring local param default.color (0x5200180b) as it is already supported
                                                                                                                                                                        2025-07-13 09:43:14.391  3060-3738  ReflectedParamUpdater   com.qqgame.mic                       D  ignored struct field raw.hdr-static-info.mastering
                                                                                                                                                                        2025-07-13 09:43:14.392  3060-3738  CCodecConfig            com.qqgame.mic                       I  query failed after returning 12 values (BAD_INDEX)
                                                                                                                                                                        2025-07-13 09:43:14.392  3060-3738  CCodecConfig            com.qqgame.mic                       D  c2 config diff is Dict {
                                                                                                                                                                        c2::u32 coded.pl.level = 20496
                                                                                                                                                                        c2::u32 coded.pl.profile = 20481
                                                                                                                                                                        c2::u32 coded.vui.color.matrix = 0
                                                                                                                                                                        c2::u32 coded.vui.color.primaries = 0
                                                                                                                                                                        c2::u32 coded.vui.color.range = 2
                                                                                                                                                                        c2::u32 coded.vui.color.transfer = 0
                                                                                                                                                                        c2::u32 default.color.matrix = 0
                                                                                                                                                                        c2::u32 default.color.primaries = 0
                                                                                                                                                                        c2::u32 default.color.range = 0
                                                                                                                                                                        c2::u32 default.color.transfer = 0
                                                                                                                                                                        c2::u32 input.buffers.max-size.value = 2097152
                                                                                                                                                                        c2::u32 input.delay.value = 0
                                                                                                                                                                        string input.media-type.value = "video/avc"
                                                                                                                                                                        c2::u32 output.delay.value = 8
                                                                                                                                                                        string output.media-type.value = "video/raw"
                                                                                                                                                                        c2::u32 raw.color.matrix = 0
                                                                                                                                                                        c2::u32 raw.color.primaries = 0
                                                                                                                                                                        c2::u32 raw.color.range = 2
                                                                                                                                                                        c2::u32 raw.color.transfer = 0
                                                                                                                                                                        c2::u32 raw.max-size.height = 240
                                                                                                                                                                        c2::u32 raw.max-size.width = 320
                                                                                                                                                                        c2::u32 raw.pixel-format.value = 35
                                                                                                                                                                        c2::i32 raw.rotation.flip = 0
                                                                                                                                                                        c2::i32 raw.rotation.value = 0
                                                                                                                                                                        c2::u32 raw.sar.height = 1
                                                                                                                                                                        c2::u32 raw.sar.width = 1
                                                                                                                                                                        c2::u32 raw.size.height = 240
                                                                                                                                                                        c2::u32 raw.size.width = 320
                                                                                                                                                                        c2:
                                                                                                                                                                        2025-07-13 09:43:14.392  3060-3738  ColorUtils              com.qqgame.mic                       W  expected specified color aspects (2:0:0:0)
                                                                                                                                                                        2025-07-13 09:43:14.392  3060-3737  MediaCodec              com.qqgame.mic                       D  flushMediametrics
                                                                                                                                                                        2025-07-13 09:43:14.392  3060-3737  SurfaceUtils            com.qqgame.mic                       D  connecting to surface 0xb400007116ced290, reason connectToSurface
                                                                                                                                                                        2025-07-13 09:43:14.393  3060-3737  MediaCodec              com.qqgame.mic                       I  [c2.android.avc.decoder] setting surface generation to 3133442
                                                                                                                                                                        2025-07-13 09:43:14.393  3060-3737  SurfaceUtils            com.qqgame.mic                       D  disconnecting from surface 0xb400007116ced290, reason connectToSurface(reconnect)
                                                                                                                                                                        2025-07-13 09:43:14.393  3060-3737  SurfaceUtils            com.qqgame.mic                       D  connecting to surface 0xb400007116ced290, reason connectToSurface(reconnect)
