                                                                                                                                                                        2025-07-13 09:43:15.207   353-380   gralloc_default         and...raphics.allocator@2.0-service  D  gralloc_alloc: Creating ashmem region of size 3112960
                                                                                                                                                                        2025-07-13 09:43:15.290   353-380   gralloc_default         and...raphics.allocator@2.0-service  D  gralloc_alloc: Creating ashmem region of size 3112960
                                                                                                                                                                        2025-07-13 09:43:15.333   353-380   gralloc_default         and...raphics.allocator@2.0-service  D  gralloc_alloc: Creating ashmem region of size 3112960
                                                                                                                                                                        2025-07-13 09:43:15.458   353-380   gralloc_default         and...raphics.allocator@2.0-service  D  gralloc_alloc: Creating ashmem region of size 3112960
                                                                                                                                                                        2025-07-13 09:43:15.496   353-380   gralloc_default         and...raphics.allocator@2.0-service  D  gralloc_alloc: Creating ashmem region of size 3112960
                                                                                                                                                                        2025-07-13 09:43:15.508  3060-3360  Unity                   com.qqgame.mic                       W  AudioSampleProvider buffer overflow. 1764 sample frames discarded.

                                                                                                                                                                        (Filename:  Line: 252)
                                                                                                                                                                        2025-07-13 09:43:15.509  3060-3360  Unity                   com.qqgame.mic                       W  AudioSampleProvider buffer overflow. 848 sample frames discarded.

                                                                                                                                                                        (Filename:  Line: 252)
                                                                                                                                                                        2025-07-13 09:43:15.582  3060-3358  Unity                   com.qqgame.mic                       W  AudioSampleProvider buffer overflow. 1536 sample frames discarded.

                                                                                                                                                                        (Filename:  Line: 252)
                                                                                                                                                                        2025-07-13 09:43:15.583  3060-3358  Unity                   com.qqgame.mic                       W  AudioSampleProvider buffer overflow. 1024 sample frames discarded.

                                                                                                                                                                        (Filename:  Line: 252)
                                                                                                                                                                        2025-07-13 09:43:15.606   353-380   gralloc_default         and...raphics.allocator@2.0-service  D  gralloc_alloc: Creating ashmem region of size 3112960
                                                                                                                                                                        2025-07-13 09:43:15.645   353-380   gralloc_default         and...raphics.allocator@2.0-service  D  gralloc_alloc: Creating ashmem region of size 3112960
                                                                                                                                                                        2025-07-13 09:43:15.701  3060-3360  Unity                   com.qqgame.mic                       W  AudioSampleProvider buffer overflow. 1536 sample frames discarded.

                                                                                                                                                                        (Filename:  Line: 252)
                                                                                                                                                                        2025-07-13 09:43:15.758   353-380   gralloc_default         and...raphics.allocator@2.0-service  D  gralloc_alloc: Creating ashmem region of size 3112960
                                                                                                                                                                        2025-07-13 09:43:15.796   353-380   gralloc_default         and...raphics.allocator@2.0-service  D  gralloc_alloc: Creating ashmem region of size 3112960
                                                                                                                                                                        2025-07-13 09:43:15.809  3060-3359  Unity                   com.qqgame.mic                       W  AudioSampleProvider buffer overflow. 1764 sample frames discarded.

                                                                                                                                                                        (Filename:  Line: 252)
                                                                                                                                                                        2025-07-13 09:43:15.809  3060-3359  Unity                   com.qqgame.mic                       W  AudioSampleProvider buffer overflow. 796 sample frames discarded.

                                                                                                                                                                        (Filename:  Line: 252)
                                                                                                                                                                        2025-07-13 09:43:15.844  3060-3358  Unity                   com.qqgame.mic                       W  AudioSampleProvider buffer overflow. 1764 sample frames discarded.

                                                                                                                                                                        (Filename:  Line: 252)
                                                                                                                                                                        2025-07-13 09:43:15.844  3060-3358  Unity                   com.qqgame.mic                       W  AudioSampleProvider buffer overflow. 284 sample frames discarded.

                                                                                                                                                                        (Filename:  Line: 252)
                                                                                                                                                                        2025-07-13 09:43:15.870   353-380   gralloc_default         and...raphics.allocator@2.0-service  D  gralloc_alloc: Creating ashmem region of size 3112960
                                                                                                                                                                        2025-07-13 09:43:15.967   353-380   gralloc_default         and...raphics.allocator@2.0-service  D  gralloc_alloc: Creating ashmem region of size 3112960
                                                                                                                                                                        2025-07-13 09:43:15.983  3060-3360  Unity                   com.qqgame.mic                       W  AudioSampleProvider buffer overflow. 1536 sample frames discarded.

                                                                                                                                                                        (Filename:  Line: 252)
                                                                                                                                                                        2025-07-13 09:43:16.027   353-380   gralloc_default         and...raphics.allocator@2.0-service  D  gralloc_alloc: Creating ashmem region of size 3112960
                                                                                                                                                                        2025-07-13 09:43:16.040  3060-3359  Unity                   com.qqgame.mic                       W  AudioSampleProvider buffer overflow. 1764 sample frames discarded.

                                                                                                                                                                        (Filename:  Line: 252)
                                                                                                                                                                        2025-07-13 09:43:16.042  3060-3359  Unity                   com.qqgame.mic                       W  AudioSampleProvider buffer overflow. 1764 sample frames discarded.

                                                                                                                                                                        (Filename:  Line: 252)
                                                                                                                                                                        2025-07-13 09:43:16.042  3060-3359  Unity                   com.qqgame.mic                       W  AudioSampleProvider buffer overflow. 568 sample frames discarded.

                                                                                                                                                                        (Filename:  Line: 252)
                                                                                                                                                                        2025-07-13 09:43:16.097  1924-2114  MSF.C.MSFCore[@PS]      com.tencent.mobileqq                 V  [Event] MSFPacketStatistics.cpp(300)::DoCheckRequestTimeout->current rtts:14.936
                                                                                                                                                                        2025-07-13 09:43:16.103   353-380   gralloc_default         and...raphics.allocator@2.0-service  D  gralloc_alloc: Creating ashmem region of size 3112960
                                                                                                                                                                        2025-07-13 09:43:16.152  3060-3358  Unity                   com.qqgame.mic                       W  AudioSampleProvider buffer overflow. 1536 sample frames discarded.

                                                                                                                                                                        (Filename:  Line: 252)
                                                                                                                                                                        2025-07-13 09:43:16.179   353-380   gralloc_default         and...raphics.allocator@2.0-service  D  gralloc_alloc: Creating ashmem region of size 3112960
                                                                                                                                                                        2025-07-13 09:43:16.190  3060-3358  Unity                   com.qqgame.mic                       W  AudioSampleProvider buffer overflow. 512 sample frames discarded.

                                                                                                                                                                        (Filename:  Line: 252)
                                                                                                                                                                        2025-07-13 09:43:16.256   353-380   gralloc_default         and...raphics.allocator@2.0-service  D  gralloc_alloc: Creating ashmem region of size 3112960
                                                                                                                                                                        2025-07-13 09:43:16.295   353-380   gralloc_default         and...raphics.allocator@2.0-service  D  gralloc_alloc: Creating ashmem region of size 3112960
                                                                                                                                                                        2025-07-13 09:43:16.308  3060-3359  Unity                   com.qqgame.mic                       W  AudioSampleProvider buffer overflow. 1764 sample frames discarded.

                                                                                                                                                                        (Filename:  Line: 252)
                                                                                                                                                                        2025-07-13 09:43:16.309  3060-3359  Unity                   com.qqgame.mic                       W  AudioSampleProvider buffer overflow. 796 sample frames discarded.

                                                                                                                                                                        (Filename:  Line: 252)
                                                                                                                                                                        2025-07-13 09:43:16.389  3060-3359  Unity                   com.qqgame.mic                       W  AudioSampleProvider buffer overflow. 1764 sample frames discarded.

                                                                                                                                                                        (Filename:  Line: 252)
                                                                                                                                                                        2025-07-13 09:43:16.389  3060-3359  Unity                   com.qqgame.mic                       W  AudioSampleProvider buffer overflow. 284 sample frames discarded.

                                                                                                                                                                        (Filename:  Line: 252)
                                                                                                                                                                        2025-07-13 09:43:16.414   353-380   gralloc_default         and...raphics.allocator@2.0-service  D  gralloc_alloc: Creating ashmem region of size 3112960
                                                                                                                                                                        2025-07-13 09:43:16.478   353-380   gralloc_default         and...raphics.allocator@2.0-service  D  gralloc_alloc: Creating ashmem region of size 3112960
                                                                                                                                                                        2025-07-13 09:43:16.494  3060-3360  Unity                   com.qqgame.mic                       W  AudioSampleProvider buffer overflow. 1536 sample frames discarded.

                                                                                                                                                                        (Filename:  Line: 252)
                                                                                                                                                                        2025-07-13 09:43:16.532  3060-3360  Unity                   com.qqgame.mic                       W  AudioSampleProvider buffer overflow. 1764 sample frames discarded.

                                                                                                                                                                        (Filename:  Line: 252)
                                                                                                                                                                        2025-07-13 09:43:16.532  3060-3360  Unity                   com.qqgame.mic                       W  AudioSampleProvider buffer overflow. 284 sample frames discarded.

                                                                                                                                                                        (Filename:  Line: 252)
                                                                                                                                                                        2025-07-13 09:43:16.571   353-380   gralloc_default         and...raphics.allocator@2.0-service  D  gralloc_alloc: Creating ashmem region of size 3112960
                                                                                                                                                                        2025-07-13 09:43:16.584  3060-3358  Unity                   com.qqgame.mic                       W  AudioSampleProvider buffer overflow. 1764 sample frames discarded.

                                                                                                                                                                        (Filename:  Line: 252)
                                                                                                                                                                        2025-07-13 09:43:16.584  3060-3358  Unity                   com.qqgame.mic                       W  AudioSampleProvider buffer overflow. 796 sample frames discarded.

                                                                                                                                                                        (Filename:  Line: 252)
                                                                                                                                                                        2025-07-13 09:43:16.626   353-380   gralloc_default         and...raphics.allocator@2.0-service  D  gralloc_alloc: Creating ashmem region of size 3112960
                                                                                                                                                                        2025-07-13 09:43:16.700   353-380   gralloc_default         and...raphics.allocator@2.0-service  D  gralloc_alloc: Creating ashmem region of size 3112960
                                                                                                                                                                        2025-07-13 09:43:17.098  1924-2114  MSF.C.MSFCore[@PS]      com.tencent.mobileqq                 V  [Event] MSFPacketStatistics.cpp(300)::DoCheckRequestTimeout->current rtts:14.936
                                                                                                                                                                        2025-07-13 09:43:17.685  3060-3358  Unity                   com.qqgame.mic                       W  AudioSampleProvider buffer overflow. 1024 sample frames discarded.

                                                                                                                                                                        (Filename:  Line: 252)
                                                                                                                                                                        2025-07-13 09:43:17.938   464-746   BufferPoolAccessor2.0   media.swcodec                        D  evictor expired: 2, evicted: 0
                                                                                                                                                                        2025-07-13 09:43:17.950   458-3462  BufferPoolAccessor2.0   mediaserver                          D  evictor expired: 1, evicted: 0
                                                                                                                                                                        2025-07-13 09:43:18.101  1924-2114  MSF.C.MSFCore[@PS]      com.tencent.mobileqq                 V  [Event] MSFPacketStatistics.cpp(300)::DoCheckRequestTimeout->current rtts:14.936
                                                                                                                                                                        2025-07-13 09:43:19.102  1924-2114  MSF.C.MSFCore[@PS]      com.tencent.mobileqq                 V  [Event] MSFPacketStatistics.cpp(300)::DoCheckRequestTimeout->current rtts:14.936
                                                                                                                                                                        2025-07-13 09:43:19.684  3060-3740  BufferPoolAccessor2.0   com.qqgame.mic                       D  bufferpool2 0xb400007076e36438 : 5(40960 size) total buffers - 4(32768 size) used buffers - 1/6 (recycle/alloc) - 5/269 (fetch/transfer)
                                                                                                                                                                        2025-07-13 09:43:19.684   464-3741  BufferPoolAccessor2.0   media.swcodec                        D  bufferpool2 0xb40000781b9509d8 : 4(16384 size) total buffers - 1(4096 size) used buffers - 261/265 (recycle/alloc) - 6/265 (fetch/transfer)
                                                                                                                                                                        2025-07-13 09:43:19.883  3060-3737  BufferPoolAccessor2.0   com.qqgame.mic                       D  bufferpool2 0xb400007076e3c308 : 5(10485760 size) total buffers - 4(8388608 size) used buffers - 1/6 (recycle/alloc) - 5/159 (fetch/transfer)
                                                                                                                                                                        2025-07-13 09:43:19.937  3060-4227  BufferPoolAccessor2.0   com.qqgame.mic                       D  bufferpool2 0xb400007076ea6ff8 : 0(0 size) total buffers - 0(0 size) used buffers - 0/6 (recycle/alloc) - 6/26 (fetch/transfer)
                                                                                                                                                                        2025-07-13 09:43:19.937  3060-4227  BufferPoolAccessor2.0   com.qqgame.mic                       D  bufferpool2 0xb400007076e8e6d8 : 0(0 size) total buffers - 0(0 size) used buffers - 1/6 (recycle/alloc) - 5/6 (fetch/transfer)
                                                                                                                                                                        2025-07-13 09:43:19.937  3060-4227  BufferPoolAccessor2.0   com.qqgame.mic                       D  evictor expired: 4, evicted: 4
                                                                                                                                                                        2025-07-13 09:43:19.940   464-746   BufferPoolAccessor2.0   media.swcodec                        D  bufferpool2 0xb40000781b94f508 : 0(0 size) total buffers - 0(0 size) used buffers - 0/2 (recycle/alloc) - 2/2 (fetch/transfer)
                                                                                                                                                                        2025-07-13 09:43:19.940   464-746   BufferPoolAccessor2.0   media.swcodec                        D  evictor expired: 1, evicted: 1
                                                                                                                                                                        2025-07-13 09:43:20.104  1924-2114  MSF.C.MSFCore[@PS]      com.tencent.mobileqq                 V  [Event] MSFPacketStatistics.cpp(300)::DoCheckRequestTimeout->current rtts:14.936
                                                                                                                                                                        2025-07-13 09:43:20.510   505-531   ActivityManager         system_process                       W  Rescheduling restart of crashed service com.cw.gamehelper/.service.GameTaskService in 0ms for mem-pressure-event
                                                                                                                                                                        2025-07-13 09:43:20.511   505-531   ActivityManager         system_process                       W  Rescheduling restart of crashed service com.cw.gamehelper/.service.AccessibilityService in 0ms for mem-pressure-event
                                                                                                                                                                        2025-07-13 09:43:20.518   505-532   Compatibil...geReporter system_process                       D  Compat change id reported: 135634846; UID 10095; state: DISABLED
                                                                                                                                                                        2025-07-13 09:43:20.519   505-532   Compatibil...geReporter system_process                       D  Compat change id reported: 177438394; UID 10095; state: DISABLED
                                                                                                                                                                        2025-07-13 09:43:20.519   505-532   Compatibil...geReporter system_process                       D  Compat change id reported: 135772972; UID 10095; state: DISABLED
                                                                                                                                                                        2025-07-13 09:43:20.520   505-532   Compatibil...geReporter system_process                       D  Compat change id reported: 135754954; UID 10095; state: ENABLED
                                                                                                                                                                        2025-07-13 09:43:20.520   505-533   Compatibil...geReporter system_process                       D  Compat change id reported: 143937733; UID 10095; state: ENABLED
                                                                                                                                                                        2025-07-13 09:43:20.539   337-337   Zygote                  pid-337                              D  Forked child process 4102
                                                                                                                                                                        2025-07-13 09:43:20.541   505-533   ActivityManager         system_process                       I  Start proc 4102:com.cw.gamehelper/u0a95 for service {com.cw.gamehelper/com.cw.gamehelper.service.GameTaskService}
                                                                                                                                                                        2025-07-13 09:43:20.547  4102-4102  Zygote                  pid-4102                             I  seccomp disabled by setenforce 0
                                                                                                                                                                        2025-07-13 09:43:20.549  4102-4102  m.cw.gamehelper         pid-4102                             I  Late-enabling -Xcheck:jni
                                                                                                                                                                        2025-07-13 09:43:20.708  1924-2098  MSFKernelProtector      com.tencent.mobileqq                 D  MSFKernelProtector run
                                                                                                                                                                        2025-07-13 09:43:20.708  1924-2098  MSFKernelProtector      com.tencent.mobileqq                 D  startMSFKernelMonitor
                                                                                                                                                                        2025-07-13 09:43:20.737  3060-3358  Unity                   com.qqgame.mic                       W  AudioSampleProvider buffer overflow. 1536 sample frames discarded.

                                                                                                                                                                        (Filename:  Line: 252)
                                                                                                                                                                        2025-07-13 09:43:20.757  4102-4102  Compatibil...geReporter pid-4102                             D  Compat change id reported: 171979766; UID 10095; state: ENABLED
                                                                                                                                                                        2025-07-13 09:43:20.783  4102-4102  ziparchive              pid-4102                             W  Unable to open '/data/app/~~b2ekGSqC7ieH5G5x33_MXQ==/com.cw.gamehelper-WcLLNB7h3KW1JnE57CamBA==/base.dm': No such file or directory
                                                                                                                                                                        2025-07-13 09:43:20.783  4102-4102  ziparchive              pid-4102                             W  Unable to open '/data/app/~~b2ekGSqC7ieH5G5x33_MXQ==/com.cw.gamehelper-WcLLNB7h3KW1JnE57CamBA==/base.dm': No such file or directory
                                                                                                                                                                        2025-07-13 09:43:20.926  4102-4102  GraphicsEnvironment     pid-4102                             V  ANGLE Developer option for 'com.cw.gamehelper' set to: 'default'
                                                                                                                                                                        2025-07-13 09:43:20.927  4102-4102  GraphicsEnvironment     pid-4102                             V  ANGLE GameManagerService for com.cw.gamehelper: false
                                                                                                                                                                        2025-07-13 09:43:20.927  4102-4102  GraphicsEnvironment     pid-4102                             V  Neither updatable production driver nor prerelease driver is supported.
                                                                                                                                                                        2025-07-13 09:43:20.934  4102-4102  NetworkSecurityConfig   pid-4102                             D  No Network Security Config specified, using platform default
                                                                                                                                                                        2025-07-13 09:43:20.936  4102-4102  NetworkSecurityConfig   pid-4102                             D  No Network Security Config specified, using platform default
                                                                                                                                                                        2025-07-13 09:43:20.953  4102-4102  GameHelperLogger        pid-4102                             D  Application 
